// Jest Snapshot v1, https://goo.gl/fbAQLP

exports[`Row renders 1`] = `
<div>
  <div
    class="page_wxvzjb"
  >
    I'm a page
  </div>
</div>
`;
