// Jest Snapshot v1, https://goo.gl/fbAQLP

exports[`SelectInput renders 1`] = `
<div>
  <div
    class="inputContainer-0-2-1"
  >
    <select
      class="select-0-2-2"
    >
      <option
        disabled=""
        value=""
      />
      <option
        value="1"
      >
        One
      </option>
      <option
        value="2"
      >
        Two
      </option>
    </select>
  </div>
</div>
`;
