// Jest Snapshot v1, https://goo.gl/fbAQLP

exports[`Row renders 1`] = `
<div>
  <div
    class="row-0-2-1 row-d0-0-2-2 container-0-2-3 container-d0-0-2-4"
  >
    I'm a row
  </div>
</div>
`;
